The latest version of Julia in the `release` channel is 1.11.5+0.x64.linux.gnu. You currently have `1.11.4+0.x64.linux.gnu` installed. Run:

  juliaup update

in your terminal shell to install Julia 1.11.5+0.x64.linux.gnu and update the `release` channel to that version.

[274523] signal 2: Interrupt
in expression starting at /ehome/begnoni/BGR_with_GWJulia/B_grid_plot.jl:57
__futex_abstimed_wait_common at /lib64/libc.so.6 (unknown line)
pthread_cond_wait at /lib64/libc.so.6 (unknown line)
uv_cond_wait at /workspace/srcdir/libuv/src/unix/thread.c:822
jl_parallel_gc_threadfun at /cache/build/builder-amdci5-5/julialang/julia-release-1-dot-11/src/scheduler.c:148
start_thread at /lib64/libc.so.6 (unknown line)
__GI___clone3 at /lib64/libc.so.6 (unknown line)
unknown function (ip: (nil))
__futex_abstimed_wait_common at /lib64/libc.so.6 (unknown line)
pthread_cond_wait at /lib64/libc.so.6 (unknown line)
uv_cond_wait at /workspace/srcdir/libuv/src/unix/thread.c:822
jl_parallel_gc_threadfun at /cache/build/builder-amdci5-5/julialang/julia-release-1-dot-11/src/scheduler.c:148
start_thread at /lib64/libc.so.6 (unknown line)
__GI___clone3 at /lib64/libc.so.6 (unknown line)
unknown function (ip: (nil))
_jl_mutex_wait at /cache/build/builder-amdci5-5/julialang/julia-release-1-dot-11/src/threading.c:868
_jl_mutex_lock at /cache/build/builder-amdci5-5/julialang/julia-release-1-dot-11/src/threading.c:917
jl_mutex_lock at /cache/build/builder-amdci5-5/julialang/julia-release-1-dot-11/src/julia_locks.h:65 [inlined]
jl_generate_fptr_impl at /cache/build/builder-amdci5-5/julialang/julia-release-1-dot-11/src/jitlayers.cpp:490
jl_compile_method_internal at /cache/build/builder-amdci5-5/julialang/julia-release-1-dot-11/src/gf.c:2536 [inlined]
jl_compile_method_internal at /cache/build/builder-amdci5-5/julialang/julia-release-1-dot-11/src/gf.c:2423
_jl_invoke at /cache/build/builder-amdci5-5/julialang/julia-release-1-dot-11/src/gf.c:2940 [inlined]
ijl_apply_generic at /cache/build/builder-amdci5-5/julialang/julia-release-1-dot-11/src/gf.c:3125
jl_apply at /cache/build/builder-amdci5-5/julialang/julia-release-1-dot-11/src/julia.h:2157 [inlined]
start_task at /cache/build/builder-amdci5-5/julialang/julia-release-1-dot-11/src/task.c:1202
unknown function (ip: (nil))
_jl_mutex_wait at /cache/build/builder-amdci5-5/julialang/julia-release-1-dot-11/src/threading.c:868
_jl_mutex_lock at /cache/build/builder-amdci5-5/julialang/julia-release-1-dot-11/src/threading.c:917
jl_mutex_lock at /cache/build/builder-amdci5-5/julialang/julia-release-1-dot-11/src/julia_locks.h:65 [inlined]
jl_generate_fptr_impl at /cache/build/builder-amdci5-5/julialang/julia-release-1-dot-11/src/jitlayers.cpp:490
jl_compile_method_internal at /cache/build/builder-amdci5-5/julialang/julia-release-1-dot-11/src/gf.c:2536 [inlined]
jl_compile_method_internal at /cache/build/builder-amdci5-5/julialang/julia-release-1-dot-11/src/gf.c:2423
_jl_invoke at /cache/build/builder-amdci5-5/julialang/julia-release-1-dot-11/src/gf.c:2940 [inlined]
ijl_apply_generic at /cache/build/builder-amdci5-5/julialang/julia-release-1-dot-11/src/gf.c:3125
jl_apply at /cache/build/builder-amdci5-5/julialang/julia-release-1-dot-11/src/julia.h:2157 [inlined]
start_task at /cache/build/builder-amdci5-5/julialang/julia-release-1-dot-11/src/task.c:1202
unknown function (ip: (nil))
_jl_mutex_wait at /cache/build/builder-amdci5-5/julialang/julia-release-1-dot-11/src/threading.c:868
_jl_mutex_lock at /cache/build/builder-amdci5-5/julialang/julia-release-1-dot-11/src/threading.c:917
jl_mutex_lock at /cache/build/builder-amdci5-5/julialang/julia-release-1-dot-11/src/julia_locks.h:65 [inlined]
jl_generate_fptr_impl at /cache/build/builder-amdci5-5/julialang/julia-release-1-dot-11/src/jitlayers.cpp:490
jl_compile_method_internal at /cache/build/builder-amdci5-5/julialang/julia-release-1-dot-11/src/gf.c:2536 [inlined]
jl_compile_method_internal at /cache/build/builder-amdci5-5/julialang/julia-release-1-dot-11/src/gf.c:2423
_jl_invoke at /cache/build/builder-amdci5-5/julialang/julia-release-1-dot-11/src/gf.c:2940 [inlined]
ijl_apply_generic at /cache/build/builder-amdci5-5/julialang/julia-release-1-dot-11/src/gf.c:3125
jl_apply at /cache/build/builder-amdci5-5/julialang/julia-release-1-dot-11/src/julia.h:2157 [inlined]
start_task at /cache/build/builder-amdci5-5/julialang/julia-release-1-dot-11/src/task.c:1202
unknown function (ip: (nil))
has_free_typevars at /cache/build/builder-amdci5-5/julialang/julia-release-1-dot-11/src/jltypes.c:110
has_free_typevars at /cache/build/builder-amdci5-5/julialang/julia-release-1-dot-11/src/jltypes.c:140
subtype at /cache/build/builder-amdci5-5/julialang/julia-release-1-dot-11/src/subtype.c:1397
local_forall_exists_subtype at /cache/build/builder-amdci5-5/julialang/julia-release-1-dot-11/src/subtype.c:1622
subtype_ccheck at /cache/build/builder-amdci5-5/julialang/julia-release-1-dot-11/src/subtype.c:698
var_gt at /cache/build/builder-amdci5-5/julialang/julia-release-1-dot-11/src/subtype.c:812
subtype at /cache/build/builder-amdci5-5/julialang/julia-release-1-dot-11/src/subtype.c:1431
local_forall_exists_subtype at /cache/build/builder-amdci5-5/julialang/julia-release-1-dot-11/src/subtype.c:1600
forall_exists_equal at /cache/build/builder-amdci5-5/julialang/julia-release-1-dot-11/src/subtype.c:1726
subtype at /cache/build/builder-amdci5-5/julialang/julia-release-1-dot-11/src/subtype.c:1520
subtype_unionall at /cache/build/builder-amdci5-5/julialang/julia-release-1-dot-11/src/subtype.c:965
subtype at /cache/build/builder-amdci5-5/julialang/julia-release-1-dot-11/src/subtype.c:1477
subtype_tuple_tail at /cache/build/builder-amdci5-5/julialang/julia-release-1-dot-11/src/subtype.c:1275 [inlined]
subtype_tuple at /cache/build/builder-amdci5-5/julialang/julia-release-1-dot-11/src/subtype.c:1354 [inlined]
subtype at /cache/build/builder-amdci5-5/julialang/julia-release-1-dot-11/src/subtype.c:1514
subtype_unionall at /cache/build/builder-amdci5-5/julialang/julia-release-1-dot-11/src/subtype.c:972
subtype at /cache/build/builder-amdci5-5/julialang/julia-release-1-dot-11/src/subtype.c:1474
exists_subtype at /cache/build/builder-amdci5-5/julialang/julia-release-1-dot-11/src/subtype.c:1744 [inlined]
forall_exists_subtype at /cache/build/builder-amdci5-5/julialang/julia-release-1-dot-11/src/subtype.c:1773
ijl_subtype_env at /cache/build/builder-amdci5-5/julialang/julia-release-1-dot-11/src/subtype.c:2232
intersect at /cache/build/builder-amdci5-5/julialang/julia-release-1-dot-11/src/subtype.c:4040
intersect_all at /cache/build/builder-amdci5-5/julialang/julia-release-1-dot-11/src/subtype.c:4244
jl_type_intersection_env_s at /cache/build/builder-amdci5-5/julialang/julia-release-1-dot-11/src/subtype.c:4492
jl_typemap_intersection_node_visitor at /cache/build/builder-amdci5-5/julialang/julia-release-1-dot-11/src/typemap.c:543
jl_typemap_intersection_visitor at /cache/build/builder-amdci5-5/julialang/julia-release-1-dot-11/src/typemap.c:812
jl_typemap_intersection_memory_visitor at /cache/build/builder-amdci5-5/julialang/julia-release-1-dot-11/src/typemap.c:500
jl_typemap_intersection_visitor at /cache/build/builder-amdci5-5/julialang/julia-release-1-dot-11/src/typemap.c:780
ml_mtable_visitor at /cache/build/builder-amdci5-5/julialang/julia-release-1-dot-11/src/gf.c:3347 [inlined]
ml_matches at /cache/build/builder-amdci5-5/julialang/julia-release-1-dot-11/src/gf.c:3724
ml_matches at /cache/build/builder-amdci5-5/julialang/julia-release-1-dot-11/src/gf.c:3639 [inlined]
ijl_matching_methods at /cache/build/builder-amdci5-5/julialang/julia-release-1-dot-11/src/gf.c:2336
_methods_by_ftype at ./reflection.jl:1182
_findall at ./compiler/methodtable.jl:95 [inlined]
#findall#309 at ./compiler/methodtable.jl:68 [inlined]
findall at ./compiler/methodtable.jl:68 [inlined]
#findall#311 at ./compiler/methodtable.jl:109
findall at ./compiler/methodtable.jl:100 [inlined]
find_matching_methods at ./compiler/abstractinterpretation.jl:276
The latest version of Julia in the `release` channel is 1.11.5+0.x64.linux.gnu. You currently have `1.11.4+0.x64.linux.gnu` installed. Run:

  juliaup update

in your terminal shell to install Julia 1.11.5+0.x64.linux.gnu and update the `release` channel to that version.
